// Jest Snapshot v1, https://goo.gl/fbAQLP

exports[`<LogoLink /> should match snapshot 1`] = `
.c0 {
  text-decoration: none;
  text-align: center;
}

.c1 {
  height: 10rem;
  width: 10rem;
  border-radius: 50%;
  margin: 0 auto;
  object-fit: cover;
}

<div>
  <div
    class="c0"
  >
    <img
      alt="text"
      class="c1"
    />
  </div>
</div>
`;
